-- default value
SHOW GP_ENABLE_QUERY_METRICS;
 gp_enable_query_metrics
-------------------------
 on
(1 row)

SELECT 1;
 ?column?
----------
        1
(1 row)

-- turn off
SET GP_ENABLE_QUERY_METRICS=OFF;
SHOW GP_ENABLE_QUERY_METRICS;
 gp_enable_query_metrics
-------------------------
 off
(1 row)

SELECT 1;
 ?column?
----------
        1
(1 row)

-- turn on
SET GP_ENABLE_QUERY_METRICS=ON;
SHOW GP_ENABLE_QUERY_METRICS;
 gp_enable_query_metrics
-------------------------
 on
(1 row)

SELECT 1;
 ?column?
----------
        1
(1 row)

-- turn off
SET GP_ENABLE_QUERY_METRICS=OFF;
SHOW GP_ENABLE_QUERY_METRICS;
 gp_enable_query_metrics
-------------------------
 off
(1 row)

SELECT 1;
 ?column?
----------
        1
(1 row)

-- reset
RESET GP_ENABLE_QUERY_METRICS;
SHOW GP_ENABLE_QUERY_METRICS;
 gp_enable_query_metrics
-------------------------
 on
(1 row)

SELECT 1;
 ?column?
----------
        1
(1 row)

